Aurora/DSPData_CD2_4/speechdata/train/clean1/FAC_13A.08
Aurora/DSPData_CD2_4/speechdata/train/clean1/FAC_3B.08
Aurora/DSPData_CD2_4/speechdata/train/clean1/FAC_6O46A.08
Aurora/DSPData_CD2_4/speechdata/train/clean1/FAC_98A.08
Aurora/DSPData_CD2_4/speechdata/train/clean1/FAG_179O7A.08
Aurora/DSPData_CD2_4/speechdata/train/clean1/FAG_451A.08
Aurora/DSPData_CD2_4/speechdata/train/clean1/FAG_76O35A.08
Aurora/DSPData_CD2_4/speechdata/train/clean1/FAG_O37A.08
Aurora/DSPData_CD2_4/speechdata/train/clean1/FAI_212A.08
Aurora/DSPData_CD2_4/speechdata/train/clean1/FAI_4O57A.08
Aurora/DSPData_CD2_4/speechdata/train/clean1/FAI_7O6A.08
Aurora/DSPData_CD2_4/speechdata/train/clean1/FAI_OO42A.08
Aurora/DSPData_CD2_4/speechdata/train/clean1/FAN_297989ZA.08
Aurora/DSPData_CD2_4/speechdata/train/clean1/FAN_58A.08
Aurora/DSPData_CD2_4/speechdata/train/clean1/FAN_85A.08
Aurora/DSPData_CD2_4/speechdata/train/clean1/FAN_Z125A.08
Aurora/DSPData_CD2_4/speechdata/train/clean1/FBH_2B.08
Aurora/DSPData_CD2_4/speechdata/train/clean1/FBH_5B.08
Aurora/DSPData_CD2_4/speechdata/train/clean1/FBH_8A.08
Aurora/DSPData_CD2_4/speechdata/train/clean1/FBH_ZA.08
Aurora/DSPData_CD2_4/speechdata/train/clean1/FBI_38987A.08
Aurora/DSPData_CD2_4/speechdata/train/clean1/FBI_66454A.08
Aurora/DSPData_CD2_4/speechdata/train/clean1/FBI_91A.08
Aurora/DSPData_CD2_4/speechdata/train/clean1/FBI_ZZZ4A.08
Aurora/DSPData_CD2_4/speechdata/train/clean1/FBR_3OA.08
Aurora/DSPData_CD2_4/speechdata/train/clean1/FBR_672A.08
Aurora/DSPData_CD2_4/speechdata/train/clean1/FBR_9A.08
Aurora/DSPData_CD2_4/speechdata/train/clean1/MAE_12A.08
Aurora/DSPData_CD2_4/speechdata/train/clean1/MAE_3O2OA.08
Aurora/DSPData_CD2_4/speechdata/train/clean1/MAE_6A.08
Aurora/DSPData_CD2_4/speechdata/train/clean1/MAE_9A.08
Aurora/DSPData_CD2_4/speechdata/train/clean1/MAJ_1978213A.08
Aurora/DSPData_CD2_4/speechdata/train/clean1/MAJ_4487A.08
Aurora/DSPData_CD2_4/speechdata/train/clean1/MAJ_7413A.08
Aurora/DSPData_CD2_4/speechdata/train/clean1/MAJ_O33OA.08
Aurora/DSPData_CD2_4/speechdata/train/clean1/MAL_1Z77A.08
Aurora/DSPData_CD2_4/speechdata/train/clean1/MAL_4B.08
Aurora/DSPData_CD2_4/speechdata/train/clean1/MAL_775A.08
Aurora/DSPData_CD2_4/speechdata/train/clean1/MAL_OA.08
Aurora/DSPData_CD2_4/speechdata/train/clean1/MAW_2568Z23A.08
Aurora/DSPData_CD2_4/speechdata/train/clean1/MAW_59523A.08
Aurora/DSPData_CD2_4/speechdata/train/clean1/MAW_82A.08
Aurora/DSPData_CD2_4/speechdata/train/clean1/MAW_OO753A.08
Aurora/DSPData_CD2_4/speechdata/train/clean1/MBD_2A.08
Aurora/DSPData_CD2_4/speechdata/train/clean1/MBD_5A.08
Aurora/DSPData_CD2_4/speechdata/train/clean1/MBD_8567A.08
Aurora/DSPData_CD2_4/speechdata/train/clean1/MBD_Z4ZZ815A.08
Aurora/DSPData_CD2_4/speechdata/train/clean2/FAC_1B.08
Aurora/DSPData_CD2_4/speechdata/train/clean2/FAC_4915A.08
Aurora/DSPData_CD2_4/speechdata/train/clean2/FAC_7932A.08
Aurora/DSPData_CD2_4/speechdata/train/clean2/FAC_O6197O8A.08
Aurora/DSPData_CD2_4/speechdata/train/clean2/FAG_24OA.08
Aurora/DSPData_CD2_4/speechdata/train/clean2/FAG_54A.08
Aurora/DSPData_CD2_4/speechdata/train/clean2/FAG_7Z5A.08
Aurora/DSPData_CD2_4/speechdata/train/clean2/FAG_OB.08
Aurora/DSPData_CD2_4/speechdata/train/clean2/FAI_2A.08
Aurora/DSPData_CD2_4/speechdata/train/clean2/FAI_5A.08
Aurora/DSPData_CD2_4/speechdata/train/clean2/FAI_8A.08
Aurora/DSPData_CD2_4/speechdata/train/clean2/FAI_Z5168A.08
Aurora/DSPData_CD2_4/speechdata/train/clean2/FAN_391OA.08
Aurora/DSPData_CD2_4/speechdata/train/clean2/FAN_61355OOA.08
Aurora/DSPData_CD2_4/speechdata/train/clean2/FAN_8O31O67A.08
Aurora/DSPData_CD2_4/speechdata/train/clean2/FAN_ZA.08
Aurora/DSPData_CD2_4/speechdata/train/clean2/FBH_3A.08
Aurora/DSPData_CD2_4/speechdata/train/clean2/FBH_69A.08
Aurora/DSPData_CD2_4/speechdata/train/clean2/FBH_94Z5Z65A.08
Aurora/DSPData_CD2_4/speechdata/train/clean2/FBI_1556ZA.08
Aurora/DSPData_CD2_4/speechdata/train/clean2/FBI_4226381A.08
Aurora/DSPData_CD2_4/speechdata/train/clean2/FBI_6O61A.08
Aurora/DSPData_CD2_4/speechdata/train/clean2/FBI_9A.08
Aurora/DSPData_CD2_4/speechdata/train/clean2/FBR_1A.08
Aurora/DSPData_CD2_4/speechdata/train/clean2/FBR_486A.08
Aurora/DSPData_CD2_4/speechdata/train/clean2/FBR_755O5A.08
Aurora/DSPData_CD2_4/speechdata/train/clean2/FBR_O77OA.08
Aurora/DSPData_CD2_4/speechdata/train/clean2/MAE_1B.08
Aurora/DSPData_CD2_4/speechdata/train/clean2/MAE_4B.08
Aurora/DSPData_CD2_4/speechdata/train/clean2/MAE_79442A.08
Aurora/DSPData_CD2_4/speechdata/train/clean2/MAE_O6OA.08
Aurora/DSPData_CD2_4/speechdata/train/clean2/MAJ_22A.08
Aurora/DSPData_CD2_4/speechdata/train/clean2/MAJ_51O7OO4A.08
Aurora/DSPData_CD2_4/speechdata/train/clean2/MAJ_7B.08
Aurora/DSPData_CD2_4/speechdata/train/clean2/MAJ_OA.08
Aurora/DSPData_CD2_4/speechdata/train/clean2/MAL_29A.08
Aurora/DSPData_CD2_4/speechdata/train/clean2/MAL_5424O91A.08
Aurora/DSPData_CD2_4/speechdata/train/clean2/MAL_8685A.08
Aurora/DSPData_CD2_4/speechdata/train/clean2/MAL_Z25A.08
Aurora/DSPData_CD2_4/speechdata/train/clean2/MAW_31242A.08
Aurora/DSPData_CD2_4/speechdata/train/clean2/MAW_5ZZA.08
Aurora/DSPData_CD2_4/speechdata/train/clean2/MAW_8B.08
Aurora/DSPData_CD2_4/speechdata/train/clean2/MAW_ZB.08
Aurora/DSPData_CD2_4/speechdata/train/clean2/MBD_37462A.08
Aurora/DSPData_CD2_4/speechdata/train/clean2/MBD_631A.08
Aurora/DSPData_CD2_4/speechdata/train/clean2/MBD_979ZA.08
Aurora/DSPData_CD2_4/speechdata/train/clean3/FAC_29A.08
Aurora/DSPData_CD2_4/speechdata/train/clean3/FAC_59Z2A.08
Aurora/DSPData_CD2_4/speechdata/train/clean3/FAC_83966A.08
Aurora/DSPData_CD2_4/speechdata/train/clean3/FAC_Z12A.08
Aurora/DSPData_CD2_4/speechdata/train/clean3/FAG_2OO1O83A.08
Aurora/DSPData_CD2_4/speechdata/train/clean3/FAG_5A.08
Aurora/DSPData_CD2_4/speechdata/train/clean3/FAG_8A.08
Aurora/DSPData_CD2_4/speechdata/train/clean3/FAG_Z96A.08
Aurora/DSPData_CD2_4/speechdata/train/clean3/FAI_373ZA.08
Aurora/DSPData_CD2_4/speechdata/train/clean3/FAI_686A.08
Aurora/DSPData_CD2_4/speechdata/train/clean3/FAI_914A.08
Aurora/DSPData_CD2_4/speechdata/train/clean3/FAN_11322A.08
Aurora/DSPData_CD2_4/speechdata/train/clean3/FAN_3Z9Z46ZA.08
Aurora/DSPData_CD2_4/speechdata/train/clean3/FAN_6A.08
Aurora/DSPData_CD2_4/speechdata/train/clean3/FAN_9A.08
Aurora/DSPData_CD2_4/speechdata/train/clean3/FBH_1916A.08
Aurora/DSPData_CD2_4/speechdata/train/clean3/FBH_476ZZ74A.08
Aurora/DSPData_CD2_4/speechdata/train/clean3/FBH_76A.08
Aurora/DSPData_CD2_4/speechdata/train/clean3/FBH_O2852A.08
Aurora/DSPData_CD2_4/speechdata/train/clean3/FBI_1B.08
Aurora/DSPData_CD2_4/speechdata/train/clean3/FBI_4A.08
Aurora/DSPData_CD2_4/speechdata/train/clean3/FBI_79A.08
Aurora/DSPData_CD2_4/speechdata/train/clean3/FBI_O83O365A.08
Aurora/DSPData_CD2_4/speechdata/train/clean3/FBR_25A.08
Aurora/DSPData_CD2_4/speechdata/train/clean3/FBR_53A.08
Aurora/DSPData_CD2_4/speechdata/train/clean3/FBR_8124A.08
Aurora/DSPData_CD2_4/speechdata/train/clean3/FBR_OOA.08
Aurora/DSPData_CD2_4/speechdata/train/clean3/MAE_2992A.08
Aurora/DSPData_CD2_4/speechdata/train/clean3/MAE_562A.08
Aurora/DSPData_CD2_4/speechdata/train/clean3/MAE_84A.08
Aurora/DSPData_CD2_4/speechdata/train/clean3/MAE_Z1A.08
Aurora/DSPData_CD2_4/speechdata/train/clean3/MAJ_2Z86A.08
Aurora/DSPData_CD2_4/speechdata/train/clean3/MAJ_5A.08
Aurora/DSPData_CD2_4/speechdata/train/clean3/MAJ_8A.08
Aurora/DSPData_CD2_4/speechdata/train/clean3/MAJ_ZA.08
Aurora/DSPData_CD2_4/speechdata/train/clean3/MAL_3457A.08
Aurora/DSPData_CD2_4/speechdata/train/clean3/MAL_67A.08
Aurora/DSPData_CD2_4/speechdata/train/clean3/MAL_94A.08
Aurora/DSPData_CD2_4/speechdata/train/clean3/MAL_ZZ363A.08
Aurora/DSPData_CD2_4/speechdata/train/clean3/MAW_3A.08
Aurora/DSPData_CD2_4/speechdata/train/clean3/MAW_6A.08
Aurora/DSPData_CD2_4/speechdata/train/clean3/MAW_97ZA.08
Aurora/DSPData_CD2_4/speechdata/train/clean3/MBD_1382ZA.08
Aurora/DSPData_CD2_4/speechdata/train/clean3/MBD_4293ZA.08
Aurora/DSPData_CD2_4/speechdata/train/clean3/MBD_714A.08
Aurora/DSPData_CD2_4/speechdata/train/clean3/MBD_9ZZA.08
Aurora/DSPData_CD2_4/speechdata/train/clean4/FAC_33O31A.08
Aurora/DSPData_CD2_4/speechdata/train/clean4/FAC_62793A.08
Aurora/DSPData_CD2_4/speechdata/train/clean4/FAC_8Z6983ZA.08
Aurora/DSPData_CD2_4/speechdata/train/clean4/FAC_ZA.08
Aurora/DSPData_CD2_4/speechdata/train/clean4/FAG_3A.08
Aurora/DSPData_CD2_4/speechdata/train/clean4/FAG_6547A.08
Aurora/DSPData_CD2_4/speechdata/train/clean4/FAG_96A.08
Aurora/DSPData_CD2_4/speechdata/train/clean4/FAI_156267ZA.08
Aurora/DSPData_CD2_4/speechdata/train/clean4/FAI_435A.08
Aurora/DSPData_CD2_4/speechdata/train/clean4/FAI_7246A.08
Aurora/DSPData_CD2_4/speechdata/train/clean4/FAI_9B.08
Aurora/DSPData_CD2_4/speechdata/train/clean4/FAN_1B.08
Aurora/DSPData_CD2_4/speechdata/train/clean4/FAN_442Z6A.08
Aurora/DSPData_CD2_4/speechdata/train/clean4/FAN_74568A.08
Aurora/DSPData_CD2_4/speechdata/train/clean4/FAN_O474OOOA.08
Aurora/DSPData_CD2_4/speechdata/train/clean4/FBH_22ZA.08
Aurora/DSPData_CD2_4/speechdata/train/clean4/FBH_527A.08
Aurora/DSPData_CD2_4/speechdata/train/clean4/FBH_7OO6A.08
Aurora/DSPData_CD2_4/speechdata/train/clean4/FBH_OB.08
Aurora/DSPData_CD2_4/speechdata/train/clean4/FBI_2A.08
Aurora/DSPData_CD2_4/speechdata/train/clean4/FBI_59A.08
Aurora/DSPData_CD2_4/speechdata/train/clean4/FBI_862O6A.08
Aurora/DSPData_CD2_4/speechdata/train/clean4/FBI_Z34A.08
Aurora/DSPData_CD2_4/speechdata/train/clean4/FBR_31OA.08
Aurora/DSPData_CD2_4/speechdata/train/clean4/FBR_5B.08
Aurora/DSPData_CD2_4/speechdata/train/clean4/FBR_8O817A.08
Aurora/DSPData_CD2_4/speechdata/train/clean4/FBR_ZB.08
Aurora/DSPData_CD2_4/speechdata/train/clean4/MAE_338Z4A.08
Aurora/DSPData_CD2_4/speechdata/train/clean4/MAE_658A.08
Aurora/DSPData_CD2_4/speechdata/train/clean4/MAE_8Z1A.08
Aurora/DSPData_CD2_4/speechdata/train/clean4/MAE_ZA.08
Aurora/DSPData_CD2_4/speechdata/train/clean4/MAJ_3A.08
Aurora/DSPData_CD2_4/speechdata/train/clean4/MAJ_663A.08
Aurora/DSPData_CD2_4/speechdata/train/clean4/MAJ_948A.08
Aurora/DSPData_CD2_4/speechdata/train/clean4/MAL_14ZA.08
Aurora/DSPData_CD2_4/speechdata/train/clean4/MAL_411A.08
Aurora/DSPData_CD2_4/speechdata/train/clean4/MAL_6Z47458A.08
Aurora/DSPData_CD2_4/speechdata/train/clean4/MAL_9B.08
Aurora/DSPData_CD2_4/speechdata/train/clean4/MAW_1A.08
Aurora/DSPData_CD2_4/speechdata/train/clean4/MAW_4898587A.08
Aurora/DSPData_CD2_4/speechdata/train/clean4/MAW_74A.08
Aurora/DSPData_CD2_4/speechdata/train/clean4/MAW_O32OOA.08
Aurora/DSPData_CD2_4/speechdata/train/clean4/MBD_2139A.08
Aurora/DSPData_CD2_4/speechdata/train/clean4/MBD_4B.08
Aurora/DSPData_CD2_4/speechdata/train/clean4/MBD_7B.08
Aurora/DSPData_CD2_4/speechdata/train/clean4/MBD_OB.08
Aurora/DSPData_CD2_4/speechdata/train/N1_SNR5/FAC_369O5A.08
Aurora/DSPData_CD2_4/speechdata/train/N1_SNR5/FAC_635A.08
Aurora/DSPData_CD2_4/speechdata/train/N1_SNR5/FAC_92587A.08
Aurora/DSPData_CD2_4/speechdata/train/N1_SNR5/FAC_ZB.08
Aurora/DSPData_CD2_4/speechdata/train/N1_SNR5/FAG_3B.08
Aurora/DSPData_CD2_4/speechdata/train/N1_SNR5/FAG_67O4A.08
Aurora/DSPData_CD2_4/speechdata/train/N1_SNR5/FAG_9731925A.08
Aurora/DSPData_CD2_4/speechdata/train/N1_SNR5/FAI_173Z1A.08
Aurora/DSPData_CD2_4/speechdata/train/N1_SNR5/FAI_44823A.08
Aurora/DSPData_CD2_4/speechdata/train/N1_SNR5/FAI_74A.08
Aurora/DSPData_CD2_4/speechdata/train/N1_SNR5/FAI_O18A.08
Aurora/DSPData_CD2_4/speechdata/train/N1_SNR5/FAN_1ZA.08
Aurora/DSPData_CD2_4/speechdata/train/N1_SNR5/FAN_4A.08
Aurora/DSPData_CD2_4/speechdata/train/N1_SNR5/FAN_76873A.08
Aurora/DSPData_CD2_4/speechdata/train/N1_SNR5/FAN_O5183A.08
Aurora/DSPData_CD2_4/speechdata/train/N1_SNR5/FBH_23ZA.08
Aurora/DSPData_CD2_4/speechdata/train/N1_SNR5/FBH_55Z8A.08
Aurora/DSPData_CD2_4/speechdata/train/N1_SNR5/FBH_8112142A.08
Aurora/DSPData_CD2_4/speechdata/train/N1_SNR5/FBH_OOO1575A.08
Aurora/DSPData_CD2_4/speechdata/train/N1_SNR5/FBI_2B.08
Aurora/DSPData_CD2_4/speechdata/train/N1_SNR5/FBI_5A.08
Aurora/DSPData_CD2_4/speechdata/train/N1_SNR5/FBI_8684A.08
Aurora/DSPData_CD2_4/speechdata/train/N1_SNR5/FBI_Z7Z2A.08
Aurora/DSPData_CD2_4/speechdata/train/N1_SNR5/FBR_32Z76A.08
Aurora/DSPData_CD2_4/speechdata/train/N1_SNR5/FBR_62O18OOA.08
Aurora/DSPData_CD2_4/speechdata/train/N1_SNR5/FBR_8ZA.08
Aurora/DSPData_CD2_4/speechdata/train/N1_SNR5/FBR_ZZ738A.08
Aurora/DSPData_CD2_4/speechdata/train/N1_SNR5/MAE_345A.08
Aurora/DSPData_CD2_4/speechdata/train/N1_SNR5/MAE_6711A.08
Aurora/DSPData_CD2_4/speechdata/train/N1_SNR5/MAE_91955A.08
Aurora/DSPData_CD2_4/speechdata/train/N1_SNR5/MAE_ZB.08
Aurora/DSPData_CD2_4/speechdata/train/N1_SNR5/MAJ_3B.08
Aurora/DSPData_CD2_4/speechdata/train/N1_SNR5/MAJ_69363A.08
Aurora/DSPData_CD2_4/speechdata/train/N1_SNR5/MAJ_94968A.08
Aurora/DSPData_CD2_4/speechdata/train/N1_SNR5/MAL_1871986A.08
Aurora/DSPData_CD2_4/speechdata/train/N1_SNR5/MAL_4379315A.08
Aurora/DSPData_CD2_4/speechdata/train/N1_SNR5/MAL_72729A.08
Aurora/DSPData_CD2_4/speechdata/train/N1_SNR5/MAL_9O82A.08
Aurora/DSPData_CD2_4/speechdata/train/N1_SNR5/MAW_1B.08
Aurora/DSPData_CD2_4/speechdata/train/N1_SNR5/MAW_498A.08
Aurora/DSPData_CD2_4/speechdata/train/N1_SNR5/MAW_7844A.08
Aurora/DSPData_CD2_4/speechdata/train/N1_SNR5/MAW_O46O183A.08
Aurora/DSPData_CD2_4/speechdata/train/N1_SNR5/MBD_21758A.08
Aurora/DSPData_CD2_4/speechdata/train/N1_SNR5/MBD_538A.08
Aurora/DSPData_CD2_4/speechdata/train/N1_SNR5/MBD_7Z77A.08
Aurora/DSPData_CD2_4/speechdata/train/N1_SNR5/MBD_OO3A.08
Aurora/DSPData_CD2_4/speechdata/train/N2_SNR5/FAC_1473533A.08
Aurora/DSPData_CD2_4/speechdata/train/N2_SNR5/FAC_434A.08
Aurora/DSPData_CD2_4/speechdata/train/N2_SNR5/FAC_6Z88A.08
Aurora/DSPData_CD2_4/speechdata/train/N2_SNR5/FAC_9A.08
Aurora/DSPData_CD2_4/speechdata/train/N2_SNR5/FAG_1A.08
Aurora/DSPData_CD2_4/speechdata/train/N2_SNR5/FAG_4727A.08
Aurora/DSPData_CD2_4/speechdata/train/N2_SNR5/FAG_7712719A.08
Aurora/DSPData_CD2_4/speechdata/train/N2_SNR5/FAG_O6169A.08
Aurora/DSPData_CD2_4/speechdata/train/N2_SNR5/FAI_22A.08
Aurora/DSPData_CD2_4/speechdata/train/N2_SNR5/FAI_52ZA.08
Aurora/DSPData_CD2_4/speechdata/train/N2_SNR5/FAI_7Z5A.08
Aurora/DSPData_CD2_4/speechdata/train/N2_SNR5/FAI_OO969A.08
Aurora/DSPData_CD2_4/speechdata/train/N2_SNR5/FAN_2A.08
Aurora/DSPData_CD2_4/speechdata/train/N2_SNR5/FAN_5A.08
Aurora/DSPData_CD2_4/speechdata/train/N2_SNR5/FAN_86Z99A.08
Aurora/DSPData_CD2_4/speechdata/train/N2_SNR5/FAN_Z59A.08
Aurora/DSPData_CD2_4/speechdata/train/N2_SNR5/FBH_315A.08
Aurora/DSPData_CD2_4/speechdata/train/N2_SNR5/FBH_5Z1Z295A.08
Aurora/DSPData_CD2_4/speechdata/train/N2_SNR5/FBH_8B.08
Aurora/DSPData_CD2_4/speechdata/train/N2_SNR5/FBH_ZB.08
Aurora/DSPData_CD2_4/speechdata/train/N2_SNR5/FBI_3A.08
Aurora/DSPData_CD2_4/speechdata/train/N2_SNR5/FBI_66A.08
Aurora/DSPData_CD2_4/speechdata/train/N2_SNR5/FBI_9296782A.08
Aurora/DSPData_CD2_4/speechdata/train/N2_SNR5/FBR_11OO7A.08
Aurora/DSPData_CD2_4/speechdata/train/N2_SNR5/FBR_3Z5A.08
Aurora/DSPData_CD2_4/speechdata/train/N2_SNR5/FBR_6A.08
Aurora/DSPData_CD2_4/speechdata/train/N2_SNR5/FBR_9B.08
Aurora/DSPData_CD2_4/speechdata/train/N2_SNR5/MAE_161A.08
Aurora/DSPData_CD2_4/speechdata/train/N2_SNR5/MAE_46A.08
Aurora/DSPData_CD2_4/speechdata/train/N2_SNR5/MAE_6B.08
Aurora/DSPData_CD2_4/speechdata/train/N2_SNR5/MAE_9B.08
Aurora/DSPData_CD2_4/speechdata/train/N2_SNR5/MAJ_1A.08
Aurora/DSPData_CD2_4/speechdata/train/N2_SNR5/MAJ_451A.08
Aurora/DSPData_CD2_4/speechdata/train/N2_SNR5/MAJ_766O344A.08
Aurora/DSPData_CD2_4/speechdata/train/N2_SNR5/MAJ_O53A.08
Aurora/DSPData_CD2_4/speechdata/train/N2_SNR5/MAL_2124A.08
Aurora/DSPData_CD2_4/speechdata/train/N2_SNR5/MAL_4Z623A.08
Aurora/DSPData_CD2_4/speechdata/train/N2_SNR5/MAL_7A.08
Aurora/DSPData_CD2_4/speechdata/train/N2_SNR5/MAL_OB.08
Aurora/DSPData_CD2_4/speechdata/train/N2_SNR5/MAW_2A.08
Aurora/DSPData_CD2_4/speechdata/train/N2_SNR5/MAW_5A.08
Aurora/DSPData_CD2_4/speechdata/train/N2_SNR5/MAW_86O7A.08
Aurora/DSPData_CD2_4/speechdata/train/N2_SNR5/MAW_Z4151Z4A.08
Aurora/DSPData_CD2_4/speechdata/train/N2_SNR5/MBD_2B.08
Aurora/DSPData_CD2_4/speechdata/train/N2_SNR5/MBD_5B.08
Aurora/DSPData_CD2_4/speechdata/train/N2_SNR5/MBD_877A.08
Aurora/DSPData_CD2_4/speechdata/train/N2_SNR5/MBD_Z66Z4A.08
Aurora/DSPData_CD2_4/speechdata/train/N3_SNR5/FAC_1O1A.08
Aurora/DSPData_CD2_4/speechdata/train/N3_SNR5/FAC_4A.08
Aurora/DSPData_CD2_4/speechdata/train/N3_SNR5/FAC_7A.08
Aurora/DSPData_CD2_4/speechdata/train/N3_SNR5/FAC_O952O99A.08
Aurora/DSPData_CD2_4/speechdata/train/N3_SNR5/FAG_251O4A.08
Aurora/DSPData_CD2_4/speechdata/train/N3_SNR5/FAG_55Z68Z3A.08
Aurora/DSPData_CD2_4/speechdata/train/N3_SNR5/FAG_81465O1A.08
Aurora/DSPData_CD2_4/speechdata/train/N3_SNR5/FAG_OOA.08
Aurora/DSPData_CD2_4/speechdata/train/N3_SNR5/FAI_2B.08
Aurora/DSPData_CD2_4/speechdata/train/N3_SNR5/FAI_5B.08
Aurora/DSPData_CD2_4/speechdata/train/N3_SNR5/FAI_8B.08
Aurora/DSPData_CD2_4/speechdata/train/N3_SNR5/FAI_Z63A.08
Aurora/DSPData_CD2_4/speechdata/train/N3_SNR5/FAN_3A.08
Aurora/DSPData_CD2_4/speechdata/train/N3_SNR5/FAN_6282A.08
Aurora/DSPData_CD2_4/speechdata/train/N3_SNR5/FAN_9161165A.08
Aurora/DSPData_CD2_4/speechdata/train/N3_SNR5/FAN_ZB.08
Aurora/DSPData_CD2_4/speechdata/train/N3_SNR5/FBH_3B.08
Aurora/DSPData_CD2_4/speechdata/train/N3_SNR5/FBH_6A.08
Aurora/DSPData_CD2_4/speechdata/train/N3_SNR5/FBH_96A.08
Aurora/DSPData_CD2_4/speechdata/train/N3_SNR5/FBI_16755A.08
Aurora/DSPData_CD2_4/speechdata/train/N3_SNR5/FBI_43A.08
Aurora/DSPData_CD2_4/speechdata/train/N3_SNR5/FBI_711348OA.08
Aurora/DSPData_CD2_4/speechdata/train/N3_SNR5/FBI_9B.08
Aurora/DSPData_CD2_4/speechdata/train/N3_SNR5/FBR_1B.08
Aurora/DSPData_CD2_4/speechdata/train/N3_SNR5/FBR_4A.08
Aurora/DSPData_CD2_4/speechdata/train/N3_SNR5/FBR_785A.08
Aurora/DSPData_CD2_4/speechdata/train/N3_SNR5/FBR_O834A.08
Aurora/DSPData_CD2_4/speechdata/train/N3_SNR5/MAE_1Z88153A.08
Aurora/DSPData_CD2_4/speechdata/train/N3_SNR5/MAE_4OO9A.08
Aurora/DSPData_CD2_4/speechdata/train/N3_SNR5/MAE_7963A.08
Aurora/DSPData_CD2_4/speechdata/train/N3_SNR5/MAE_O984A.08
Aurora/DSPData_CD2_4/speechdata/train/N3_SNR5/MAJ_23O18A.08
Aurora/DSPData_CD2_4/speechdata/train/N3_SNR5/MAJ_5299Z32A.08
Aurora/DSPData_CD2_4/speechdata/train/N3_SNR5/MAJ_8314A.08
Aurora/DSPData_CD2_4/speechdata/train/N3_SNR5/MAJ_OB.08
Aurora/DSPData_CD2_4/speechdata/train/N3_SNR5/MAL_2A.08
Aurora/DSPData_CD2_4/speechdata/train/N3_SNR5/MAL_5A.08
Aurora/DSPData_CD2_4/speechdata/train/N3_SNR5/MAL_87ZZZA.08
Aurora/DSPData_CD2_4/speechdata/train/N3_SNR5/MAL_Z2A.08
Aurora/DSPData_CD2_4/speechdata/train/N3_SNR5/MAW_33A.08
Aurora/DSPData_CD2_4/speechdata/train/N3_SNR5/MAW_61O35A.08
Aurora/DSPData_CD2_4/speechdata/train/N3_SNR5/MAW_8Z8A.08
Aurora/DSPData_CD2_4/speechdata/train/N3_SNR5/MAW_ZZ16Z55A.08
Aurora/DSPData_CD2_4/speechdata/train/N3_SNR5/MBD_3A.08
Aurora/DSPData_CD2_4/speechdata/train/N3_SNR5/MBD_6659478A.08
Aurora/DSPData_CD2_4/speechdata/train/N3_SNR5/MBD_98Z57A.08
Aurora/DSPData_CD2_4/speechdata/train/N4_SNR5/FAC_29OA.08
Aurora/DSPData_CD2_4/speechdata/train/N4_SNR5/FAC_5A.08
Aurora/DSPData_CD2_4/speechdata/train/N4_SNR5/FAC_889922ZA.08
Aurora/DSPData_CD2_4/speechdata/train/N4_SNR5/FAC_Z1A.08
Aurora/DSPData_CD2_4/speechdata/train/N4_SNR5/FAG_31ZA.08
Aurora/DSPData_CD2_4/speechdata/train/N4_SNR5/FAG_5B.08
Aurora/DSPData_CD2_4/speechdata/train/N4_SNR5/FAG_8B.08
Aurora/DSPData_CD2_4/speechdata/train/N4_SNR5/FAG_ZA.08
Aurora/DSPData_CD2_4/speechdata/train/N4_SNR5/FAI_39834A.08
Aurora/DSPData_CD2_4/speechdata/train/N4_SNR5/FAI_69O721OA.08
Aurora/DSPData_CD2_4/speechdata/train/N4_SNR5/FAI_922ZZZ6A.08
Aurora/DSPData_CD2_4/speechdata/train/N4_SNR5/FAN_145A.08
Aurora/DSPData_CD2_4/speechdata/train/N4_SNR5/FAN_41527A.08
Aurora/DSPData_CD2_4/speechdata/train/N4_SNR5/FAN_6B.08
Aurora/DSPData_CD2_4/speechdata/train/N4_SNR5/FAN_9B.08
Aurora/DSPData_CD2_4/speechdata/train/N4_SNR5/FBH_1A.08
Aurora/DSPData_CD2_4/speechdata/train/N4_SNR5/FBH_4992A.08
Aurora/DSPData_CD2_4/speechdata/train/N4_SNR5/FBH_799O4A.08
Aurora/DSPData_CD2_4/speechdata/train/N4_SNR5/FBH_O681OA.08
Aurora/DSPData_CD2_4/speechdata/train/N4_SNR5/FBI_21A.08
Aurora/DSPData_CD2_4/speechdata/train/N4_SNR5/FBI_4B.08
Aurora/DSPData_CD2_4/speechdata/train/N4_SNR5/FBI_7A.08
Aurora/DSPData_CD2_4/speechdata/train/N4_SNR5/FBI_OA.08
Aurora/DSPData_CD2_4/speechdata/train/N4_SNR5/FBR_26287A.08
Aurora/DSPData_CD2_4/speechdata/train/N4_SNR5/FBR_5422889A.08
Aurora/DSPData_CD2_4/speechdata/train/N4_SNR5/FBR_868Z6Z6A.08
Aurora/DSPData_CD2_4/speechdata/train/N4_SNR5/FBR_Z1A.08
Aurora/DSPData_CD2_4/speechdata/train/N4_SNR5/MAE_29A.08
Aurora/DSPData_CD2_4/speechdata/train/N4_SNR5/MAE_59976A.08
Aurora/DSPData_CD2_4/speechdata/train/N4_SNR5/MAE_873A.08
Aurora/DSPData_CD2_4/speechdata/train/N4_SNR5/MAE_Z26ZA.08
Aurora/DSPData_CD2_4/speechdata/train/N4_SNR5/MAJ_3324A.08
Aurora/DSPData_CD2_4/speechdata/train/N4_SNR5/MAJ_5B.08
Aurora/DSPData_CD2_4/speechdata/train/N4_SNR5/MAJ_8B.08
Aurora/DSPData_CD2_4/speechdata/train/N4_SNR5/MAJ_ZB.08
Aurora/DSPData_CD2_4/speechdata/train/N4_SNR5/MAL_38A.08
Aurora/DSPData_CD2_4/speechdata/train/N4_SNR5/MAL_69A.08
Aurora/DSPData_CD2_4/speechdata/train/N4_SNR5/MAL_94B.08
Aurora/DSPData_CD2_4/speechdata/train/N4_SNR5/MAW_11Z9A.08
Aurora/DSPData_CD2_4/speechdata/train/N4_SNR5/MAW_3B.08
Aurora/DSPData_CD2_4/speechdata/train/N4_SNR5/MAW_6B.08
Aurora/DSPData_CD2_4/speechdata/train/N4_SNR5/MAW_9A.08
Aurora/DSPData_CD2_4/speechdata/train/N4_SNR5/MBD_1518A.08
Aurora/DSPData_CD2_4/speechdata/train/N4_SNR5/MBD_45A.08
Aurora/DSPData_CD2_4/speechdata/train/N4_SNR5/MBD_71A.08
Aurora/DSPData_CD2_4/speechdata/train/N4_SNR5/MBD_O4A.08
Aurora/DSPData_CD2_4/speechdata/train/N1_SNR10/FAC_2A.08
Aurora/DSPData_CD2_4/speechdata/train/N1_SNR10/FAC_5B.08
Aurora/DSPData_CD2_4/speechdata/train/N1_SNR10/FAC_8A.08
Aurora/DSPData_CD2_4/speechdata/train/N1_SNR10/FAC_Z75A.08
Aurora/DSPData_CD2_4/speechdata/train/N1_SNR10/FAG_33A.08
Aurora/DSPData_CD2_4/speechdata/train/N1_SNR10/FAG_632O6A.08
Aurora/DSPData_CD2_4/speechdata/train/N1_SNR10/FAG_8O53A.08
Aurora/DSPData_CD2_4/speechdata/train/N1_SNR10/FAG_ZB.08
Aurora/DSPData_CD2_4/speechdata/train/N1_SNR10/FAI_3A.08
Aurora/DSPData_CD2_4/speechdata/train/N1_SNR10/FAI_6A.08
Aurora/DSPData_CD2_4/speechdata/train/N1_SNR10/FAI_94Z9ZA.08
Aurora/DSPData_CD2_4/speechdata/train/N1_SNR10/FAN_14A.08
Aurora/DSPData_CD2_4/speechdata/train/N1_SNR10/FAN_41O9A.08
Aurora/DSPData_CD2_4/speechdata/train/N1_SNR10/FAN_71996A.08
Aurora/DSPData_CD2_4/speechdata/train/N1_SNR10/FAN_9ZZZA.08
Aurora/DSPData_CD2_4/speechdata/train/N1_SNR10/FBH_1B.08
Aurora/DSPData_CD2_4/speechdata/train/N1_SNR10/FBH_4A.08
Aurora/DSPData_CD2_4/speechdata/train/N1_SNR10/FBH_7A.08
Aurora/DSPData_CD2_4/speechdata/train/N1_SNR10/FBH_O71A.08
Aurora/DSPData_CD2_4/speechdata/train/N1_SNR10/FBI_22123A.08
Aurora/DSPData_CD2_4/speechdata/train/N1_SNR10/FBI_51178A.08
Aurora/DSPData_CD2_4/speechdata/train/N1_SNR10/FBI_7B.08
Aurora/DSPData_CD2_4/speechdata/train/N1_SNR10/FBI_OB.08
Aurora/DSPData_CD2_4/speechdata/train/N1_SNR10/FBR_29ZA.08
Aurora/DSPData_CD2_4/speechdata/train/N1_SNR10/FBR_5465A.08
Aurora/DSPData_CD2_4/speechdata/train/N1_SNR10/FBR_8968358A.08
Aurora/DSPData_CD2_4/speechdata/train/N1_SNR10/FBR_Z452A.08
Aurora/DSPData_CD2_4/speechdata/train/N1_SNR10/MAE_2A.08
Aurora/DSPData_CD2_4/speechdata/train/N1_SNR10/MAE_5A.08
Aurora/DSPData_CD2_4/speechdata/train/N1_SNR10/MAE_8A.08
Aurora/DSPData_CD2_4/speechdata/train/N1_SNR10/MAE_Z36357ZA.08
Aurora/DSPData_CD2_4/speechdata/train/N1_SNR10/MAJ_3643473A.08
Aurora/DSPData_CD2_4/speechdata/train/N1_SNR10/MAJ_62A.08
Aurora/DSPData_CD2_4/speechdata/train/N1_SNR10/MAJ_8O5A.08
Aurora/DSPData_CD2_4/speechdata/train/N1_SNR10/MAJ_ZZ4655ZA.08
Aurora/DSPData_CD2_4/speechdata/train/N1_SNR10/MAL_3A.08
Aurora/DSPData_CD2_4/speechdata/train/N1_SNR10/MAL_6A.08
Aurora/DSPData_CD2_4/speechdata/train/N1_SNR10/MAL_95O4A.08
Aurora/DSPData_CD2_4/speechdata/train/N1_SNR10/MAW_159A.08
Aurora/DSPData_CD2_4/speechdata/train/N1_SNR10/MAW_413OA.08
Aurora/DSPData_CD2_4/speechdata/train/N1_SNR10/MAW_6O63263A.08
Aurora/DSPData_CD2_4/speechdata/train/N1_SNR10/MAW_9B.08
Aurora/DSPData_CD2_4/speechdata/train/N1_SNR10/MBD_167A.08
Aurora/DSPData_CD2_4/speechdata/train/N1_SNR10/MBD_46A.08
Aurora/DSPData_CD2_4/speechdata/train/N1_SNR10/MBD_72A.08
Aurora/DSPData_CD2_4/speechdata/train/N1_SNR10/MBD_O7A.08
Aurora/DSPData_CD2_4/speechdata/train/N2_SNR10/FAC_37O1641A.08
Aurora/DSPData_CD2_4/speechdata/train/N2_SNR10/FAC_68A.08
Aurora/DSPData_CD2_4/speechdata/train/N2_SNR10/FAC_94OOA.08
Aurora/DSPData_CD2_4/speechdata/train/N2_SNR10/FAG_14A.08
Aurora/DSPData_CD2_4/speechdata/train/N2_SNR10/FAG_3ZZA.08
Aurora/DSPData_CD2_4/speechdata/train/N2_SNR10/FAG_6A.08
Aurora/DSPData_CD2_4/speechdata/train/N2_SNR10/FAG_9A.08
Aurora/DSPData_CD2_4/speechdata/train/N2_SNR10/FAI_1A.08
Aurora/DSPData_CD2_4/speechdata/train/N2_SNR10/FAI_47O6OA.08
Aurora/DSPData_CD2_4/speechdata/train/N2_SNR10/FAI_7794971A.08
Aurora/DSPData_CD2_4/speechdata/train/N2_SNR10/FAI_O1A.08
Aurora/DSPData_CD2_4/speechdata/train/N2_SNR10/FAN_217A.08
Aurora/DSPData_CD2_4/speechdata/train/N2_SNR10/FAN_4B.08
Aurora/DSPData_CD2_4/speechdata/train/N2_SNR10/FAN_7A.08
Aurora/DSPData_CD2_4/speechdata/train/N2_SNR10/FAN_O566A.08
Aurora/DSPData_CD2_4/speechdata/train/N2_SNR10/FBH_243A.08
Aurora/DSPData_CD2_4/speechdata/train/N2_SNR10/FBH_5734A.08
Aurora/DSPData_CD2_4/speechdata/train/N2_SNR10/FBH_822A.08
Aurora/DSPData_CD2_4/speechdata/train/N2_SNR10/FBH_Z19Z3A.08
Aurora/DSPData_CD2_4/speechdata/train/N2_SNR10/FBI_2Z62A.08
Aurora/DSPData_CD2_4/speechdata/train/N2_SNR10/FBI_5B.08
Aurora/DSPData_CD2_4/speechdata/train/N2_SNR10/FBI_87324A.08
Aurora/DSPData_CD2_4/speechdata/train/N2_SNR10/FBI_Z944A.08
Aurora/DSPData_CD2_4/speechdata/train/N2_SNR10/FBR_3A.08
Aurora/DSPData_CD2_4/speechdata/train/N2_SNR10/FBR_632A.08
Aurora/DSPData_CD2_4/speechdata/train/N2_SNR10/FBR_916A.08
Aurora/DSPData_CD2_4/speechdata/train/N2_SNR10/FBR_ZZA.08
Aurora/DSPData_CD2_4/speechdata/train/N2_SNR10/MAE_3713466A.08
Aurora/DSPData_CD2_4/speechdata/train/N2_SNR10/MAE_67A.08
Aurora/DSPData_CD2_4/speechdata/train/N2_SNR10/MAE_928A.08
Aurora/DSPData_CD2_4/speechdata/train/N2_SNR10/MAJ_14A.08
Aurora/DSPData_CD2_4/speechdata/train/N2_SNR10/MAJ_3ZA.08
Aurora/DSPData_CD2_4/speechdata/train/N2_SNR10/MAJ_6A.08
Aurora/DSPData_CD2_4/speechdata/train/N2_SNR10/MAJ_98A.08
Aurora/DSPData_CD2_4/speechdata/train/N2_SNR10/MAL_19Z96Z8A.08
Aurora/DSPData_CD2_4/speechdata/train/N2_SNR10/MAL_4485A.08
Aurora/DSPData_CD2_4/speechdata/train/N2_SNR10/MAL_73759A.08
Aurora/DSPData_CD2_4/speechdata/train/N2_SNR10/MAL_O2A.08
Aurora/DSPData_CD2_4/speechdata/train/N2_SNR10/MAW_1ZA.08
Aurora/DSPData_CD2_4/speechdata/train/N2_SNR10/MAW_4A.08
Aurora/DSPData_CD2_4/speechdata/train/N2_SNR10/MAW_7A.08
Aurora/DSPData_CD2_4/speechdata/train/N2_SNR10/MAW_O665O99A.08
Aurora/DSPData_CD2_4/speechdata/train/N2_SNR10/MBD_22Z76A.08
Aurora/DSPData_CD2_4/speechdata/train/N2_SNR10/MBD_568A.08
Aurora/DSPData_CD2_4/speechdata/train/N2_SNR10/MBD_83A.08
Aurora/DSPData_CD2_4/speechdata/train/N2_SNR10/MBD_OOA.08
Aurora/DSPData_CD2_4/speechdata/train/N3_SNR10/FAC_172A.08
Aurora/DSPData_CD2_4/speechdata/train/N3_SNR10/FAC_43A.08
Aurora/DSPData_CD2_4/speechdata/train/N3_SNR10/FAC_71A.08
Aurora/DSPData_CD2_4/speechdata/train/N3_SNR10/FAC_9B.08
Aurora/DSPData_CD2_4/speechdata/train/N3_SNR10/FAG_1B.08
Aurora/DSPData_CD2_4/speechdata/train/N3_SNR10/FAG_4A.08
Aurora/DSPData_CD2_4/speechdata/train/N3_SNR10/FAG_779A.08
Aurora/DSPData_CD2_4/speechdata/train/N3_SNR10/FAG_O8448A.08
Aurora/DSPData_CD2_4/speechdata/train/N3_SNR10/FAI_2411A.08
Aurora/DSPData_CD2_4/speechdata/train/N3_SNR10/FAI_531Z766A.08
Aurora/DSPData_CD2_4/speechdata/train/N3_SNR10/FAI_812A.08
Aurora/DSPData_CD2_4/speechdata/train/N3_SNR10/FAI_OOA.08
Aurora/DSPData_CD2_4/speechdata/train/N3_SNR10/FAN_2B.08
Aurora/DSPData_CD2_4/speechdata/train/N3_SNR10/FAN_5B.08
Aurora/DSPData_CD2_4/speechdata/train/N3_SNR10/FAN_8852A.08
Aurora/DSPData_CD2_4/speechdata/train/N3_SNR10/FAN_Z6A.08
Aurora/DSPData_CD2_4/speechdata/train/N3_SNR10/FBH_32ZZ73ZA.08
Aurora/DSPData_CD2_4/speechdata/train/N3_SNR10/FBH_617A.08
Aurora/DSPData_CD2_4/speechdata/train/N3_SNR10/FBH_8O391A.08
Aurora/DSPData_CD2_4/speechdata/train/N3_SNR10/FBH_ZZ67728A.08
Aurora/DSPData_CD2_4/speechdata/train/N3_SNR10/FBI_3B.08
Aurora/DSPData_CD2_4/speechdata/train/N3_SNR10/FBI_689Z573A.08
Aurora/DSPData_CD2_4/speechdata/train/N3_SNR10/FBI_92A.08
Aurora/DSPData_CD2_4/speechdata/train/N3_SNR10/FBR_1249267A.08
Aurora/DSPData_CD2_4/speechdata/train/N3_SNR10/FBR_437A.08
Aurora/DSPData_CD2_4/speechdata/train/N3_SNR10/FBR_6B.08
Aurora/DSPData_CD2_4/speechdata/train/N3_SNR10/FBR_9O598A.08
Aurora/DSPData_CD2_4/speechdata/train/N3_SNR10/MAE_18174A.08
Aurora/DSPData_CD2_4/speechdata/train/N3_SNR10/MAE_47A.08
Aurora/DSPData_CD2_4/speechdata/train/N3_SNR10/MAE_72O3A.08
Aurora/DSPData_CD2_4/speechdata/train/N3_SNR10/MAE_9O37OA.08
Aurora/DSPData_CD2_4/speechdata/train/N3_SNR10/MAJ_1B.08
Aurora/DSPData_CD2_4/speechdata/train/N3_SNR10/MAJ_495A.08
Aurora/DSPData_CD2_4/speechdata/train/N3_SNR10/MAJ_77171A.08
Aurora/DSPData_CD2_4/speechdata/train/N3_SNR10/MAJ_O6788A.08
Aurora/DSPData_CD2_4/speechdata/train/N3_SNR10/MAL_2567184A.08
Aurora/DSPData_CD2_4/speechdata/train/N3_SNR10/MAL_5122764A.08
Aurora/DSPData_CD2_4/speechdata/train/N3_SNR10/MAL_7B.08
Aurora/DSPData_CD2_4/speechdata/train/N3_SNR10/MAL_OO13492A.08
Aurora/DSPData_CD2_4/speechdata/train/N3_SNR10/MAW_2B.08
Aurora/DSPData_CD2_4/speechdata/train/N3_SNR10/MAW_5B.08
Aurora/DSPData_CD2_4/speechdata/train/N3_SNR10/MAW_87A.08
Aurora/DSPData_CD2_4/speechdata/train/N3_SNR10/MAW_Z78Z1A.08
Aurora/DSPData_CD2_4/speechdata/train/N3_SNR10/MBD_34126A.08
Aurora/DSPData_CD2_4/speechdata/train/N3_SNR10/MBD_5Z68A.08
Aurora/DSPData_CD2_4/speechdata/train/N3_SNR10/MBD_8A.08
Aurora/DSPData_CD2_4/speechdata/train/N3_SNR10/MBD_Z96ZA.08
Aurora/DSPData_CD2_4/speechdata/train/N4_SNR10/FAC_24Z52A.08
Aurora/DSPData_CD2_4/speechdata/train/N4_SNR10/FAC_4B.08
Aurora/DSPData_CD2_4/speechdata/train/N4_SNR10/FAC_7B.08
Aurora/DSPData_CD2_4/speechdata/train/N4_SNR10/FAC_OA.08
Aurora/DSPData_CD2_4/speechdata/train/N4_SNR10/FAG_26A.08
Aurora/DSPData_CD2_4/speechdata/train/N4_SNR10/FAG_56A.08
Aurora/DSPData_CD2_4/speechdata/train/N4_SNR10/FAG_824O958A.08
Aurora/DSPData_CD2_4/speechdata/train/N4_SNR10/FAG_Z236A.08
Aurora/DSPData_CD2_4/speechdata/train/N4_SNR10/FAI_31A.08
Aurora/DSPData_CD2_4/speechdata/train/N4_SNR10/FAI_5Z25A.08
Aurora/DSPData_CD2_4/speechdata/train/N4_SNR10/FAI_8O3O511A.08
Aurora/DSPData_CD2_4/speechdata/train/N4_SNR10/FAI_Z9A.08
Aurora/DSPData_CD2_4/speechdata/train/N4_SNR10/FAN_3B.08
Aurora/DSPData_CD2_4/speechdata/train/N4_SNR10/FAN_6571A.08
Aurora/DSPData_CD2_4/speechdata/train/N4_SNR10/FAN_9275815A.08
Aurora/DSPData_CD2_4/speechdata/train/N4_SNR10/FBH_137A.08
Aurora/DSPData_CD2_4/speechdata/train/N4_SNR10/FBH_3Z325A.08
Aurora/DSPData_CD2_4/speechdata/train/N4_SNR10/FBH_6B.08
Aurora/DSPData_CD2_4/speechdata/train/N4_SNR10/FBH_97A.08
Aurora/DSPData_CD2_4/speechdata/train/N4_SNR10/FBI_169A.08
Aurora/DSPData_CD2_4/speechdata/train/N4_SNR10/FBI_46A.08
Aurora/DSPData_CD2_4/speechdata/train/N4_SNR10/FBI_71A.08
Aurora/DSPData_CD2_4/speechdata/train/N4_SNR10/FBI_O3A.08
Aurora/DSPData_CD2_4/speechdata/train/N4_SNR10/FBR_1ZZZ1A.08
Aurora/DSPData_CD2_4/speechdata/train/N4_SNR10/FBR_4B.08
Aurora/DSPData_CD2_4/speechdata/train/N4_SNR10/FBR_7933A.08
Aurora/DSPData_CD2_4/speechdata/train/N4_SNR10/FBR_O97OA.08
Aurora/DSPData_CD2_4/speechdata/train/N4_SNR10/MAE_2364213A.08
Aurora/DSPData_CD2_4/speechdata/train/N4_SNR10/MAE_4Z4A.08
Aurora/DSPData_CD2_4/speechdata/train/N4_SNR10/MAE_7A.08
Aurora/DSPData_CD2_4/speechdata/train/N4_SNR10/MAE_OA.08
Aurora/DSPData_CD2_4/speechdata/train/N4_SNR10/MAJ_2858Z96A.08
Aurora/DSPData_CD2_4/speechdata/train/N4_SNR10/MAJ_53O8A.08
Aurora/DSPData_CD2_4/speechdata/train/N4_SNR10/MAJ_8425A.08
Aurora/DSPData_CD2_4/speechdata/train/N4_SNR10/MAJ_Z35A.08
Aurora/DSPData_CD2_4/speechdata/train/N4_SNR10/MAL_2B.08
Aurora/DSPData_CD2_4/speechdata/train/N4_SNR10/MAL_5B.08
Aurora/DSPData_CD2_4/speechdata/train/N4_SNR10/MAL_8A.08
Aurora/DSPData_CD2_4/speechdata/train/N4_SNR10/MAL_Z9ZA.08
Aurora/DSPData_CD2_4/speechdata/train/N4_SNR10/MAW_33B.08
Aurora/DSPData_CD2_4/speechdata/train/N4_SNR10/MAW_62A.08
Aurora/DSPData_CD2_4/speechdata/train/N4_SNR10/MAW_931A.08
Aurora/DSPData_CD2_4/speechdata/train/N4_SNR10/MAW_ZZ36534A.08
Aurora/DSPData_CD2_4/speechdata/train/N4_SNR10/MBD_3B.08
Aurora/DSPData_CD2_4/speechdata/train/N4_SNR10/MBD_6A.08
Aurora/DSPData_CD2_4/speechdata/train/N4_SNR10/MBD_9A.08
Aurora/DSPData_CD2_4/speechdata/train/N1_SNR15/FAC_26555A.08
Aurora/DSPData_CD2_4/speechdata/train/N1_SNR15/FAC_54A.08
Aurora/DSPData_CD2_4/speechdata/train/N1_SNR15/FAC_7Z57A.08
Aurora/DSPData_CD2_4/speechdata/train/N1_SNR15/FAC_OB.08
Aurora/DSPData_CD2_4/speechdata/train/N1_SNR15/FAG_2A.08
Aurora/DSPData_CD2_4/speechdata/train/N1_SNR15/FAG_58A.08
Aurora/DSPData_CD2_4/speechdata/train/N1_SNR15/FAG_8613A.08
Aurora/DSPData_CD2_4/speechdata/train/N1_SNR15/FAG_Z811A.08
Aurora/DSPData_CD2_4/speechdata/train/N1_SNR15/FAI_338A.08
Aurora/DSPData_CD2_4/speechdata/train/N1_SNR15/FAI_64O8A.08
Aurora/DSPData_CD2_4/speechdata/train/N1_SNR15/FAI_8ZA.08
Aurora/DSPData_CD2_4/speechdata/train/N1_SNR15/FAI_ZA.08
Aurora/DSPData_CD2_4/speechdata/train/N1_SNR15/FAN_3O8A.08
Aurora/DSPData_CD2_4/speechdata/train/N1_SNR15/FAN_66A.08
Aurora/DSPData_CD2_4/speechdata/train/N1_SNR15/FAN_949A.08
Aurora/DSPData_CD2_4/speechdata/train/N1_SNR15/FBH_1838512A.08
Aurora/DSPData_CD2_4/speechdata/train/N1_SNR15/FBH_41A.08
Aurora/DSPData_CD2_4/speechdata/train/N1_SNR15/FBH_6Z5A.08
Aurora/DSPData_CD2_4/speechdata/train/N1_SNR15/FBH_9A.08
Aurora/DSPData_CD2_4/speechdata/train/N1_SNR15/FBI_1885O29A.08
Aurora/DSPData_CD2_4/speechdata/train/N1_SNR15/FBI_47972A.08
Aurora/DSPData_CD2_4/speechdata/train/N1_SNR15/FBI_728A.08
Aurora/DSPData_CD2_4/speechdata/train/N1_SNR15/FBI_O4614OOA.08
Aurora/DSPData_CD2_4/speechdata/train/N1_SNR15/FBR_21617A.08
Aurora/DSPData_CD2_4/speechdata/train/N1_SNR15/FBR_4O6OA.08
Aurora/DSPData_CD2_4/speechdata/train/N1_SNR15/FBR_7A.08
Aurora/DSPData_CD2_4/speechdata/train/N1_SNR15/FBR_OA.08
Aurora/DSPData_CD2_4/speechdata/train/N1_SNR15/MAE_23A.08
Aurora/DSPData_CD2_4/speechdata/train/N1_SNR15/MAE_52251A.08
Aurora/DSPData_CD2_4/speechdata/train/N1_SNR15/MAE_7B.08
Aurora/DSPData_CD2_4/speechdata/train/N1_SNR15/MAE_OB.08
Aurora/DSPData_CD2_4/speechdata/train/N1_SNR15/MAJ_2A.08
Aurora/DSPData_CD2_4/speechdata/train/N1_SNR15/MAJ_5686Z56A.08
Aurora/DSPData_CD2_4/speechdata/train/N1_SNR15/MAJ_85ZA.08
Aurora/DSPData_CD2_4/speechdata/train/N1_SNR15/MAJ_Z7A.08
Aurora/DSPData_CD2_4/speechdata/train/N1_SNR15/MAL_32A.08
Aurora/DSPData_CD2_4/speechdata/train/N1_SNR15/MAL_5Z3Z5A.08
Aurora/DSPData_CD2_4/speechdata/train/N1_SNR15/MAL_8B.08
Aurora/DSPData_CD2_4/speechdata/train/N1_SNR15/MAL_ZA.08
Aurora/DSPData_CD2_4/speechdata/train/N1_SNR15/MAW_3855A.08
Aurora/DSPData_CD2_4/speechdata/train/N1_SNR15/MAW_648OOA.08
Aurora/DSPData_CD2_4/speechdata/train/N1_SNR15/MAW_93971A.08
Aurora/DSPData_CD2_4/speechdata/train/N1_SNR15/MBD_1198A.08
Aurora/DSPData_CD2_4/speechdata/train/N1_SNR15/MBD_3O281A.08
Aurora/DSPData_CD2_4/speechdata/train/N1_SNR15/MBD_6B.08
Aurora/DSPData_CD2_4/speechdata/train/N1_SNR15/MBD_9B.08
Aurora/DSPData_CD2_4/speechdata/train/N2_SNR15/FAC_2B.08
Aurora/DSPData_CD2_4/speechdata/train/N2_SNR15/FAC_5Z26ZA.08
Aurora/DSPData_CD2_4/speechdata/train/N2_SNR15/FAC_8B.08
Aurora/DSPData_CD2_4/speechdata/train/N2_SNR15/FAC_Z849768A.08
Aurora/DSPData_CD2_4/speechdata/train/N2_SNR15/FAG_3528457A.08
Aurora/DSPData_CD2_4/speechdata/train/N2_SNR15/FAG_633ZA.08
Aurora/DSPData_CD2_4/speechdata/train/N2_SNR15/FAG_92A.08
Aurora/DSPData_CD2_4/speechdata/train/N2_SNR15/FAI_1363A.08
Aurora/DSPData_CD2_4/speechdata/train/N2_SNR15/FAI_3B.08
Aurora/DSPData_CD2_4/speechdata/train/N2_SNR15/FAI_6B.08
Aurora/DSPData_CD2_4/speechdata/train/N2_SNR15/FAI_95674A.08
Aurora/DSPData_CD2_4/speechdata/train/N2_SNR15/FAN_186A.08
Aurora/DSPData_CD2_4/speechdata/train/N2_SNR15/FAN_43882A.08
Aurora/DSPData_CD2_4/speechdata/train/N2_SNR15/FAN_7224953A.08
Aurora/DSPData_CD2_4/speechdata/train/N2_SNR15/FAN_O17A.08
Aurora/DSPData_CD2_4/speechdata/train/N2_SNR15/FBH_1O46O58A.08
Aurora/DSPData_CD2_4/speechdata/train/N2_SNR15/FBH_4B.08
Aurora/DSPData_CD2_4/speechdata/train/N2_SNR15/FBH_7B.08
Aurora/DSPData_CD2_4/speechdata/train/N2_SNR15/FBH_O9339A.08
Aurora/DSPData_CD2_4/speechdata/train/N2_SNR15/FBI_231O8A.08
Aurora/DSPData_CD2_4/speechdata/train/N2_SNR15/FBI_527A.08
Aurora/DSPData_CD2_4/speechdata/train/N2_SNR15/FBI_827A.08
Aurora/DSPData_CD2_4/speechdata/train/N2_SNR15/FBI_OO4A.08
Aurora/DSPData_CD2_4/speechdata/train/N2_SNR15/FBR_2A.08
Aurora/DSPData_CD2_4/speechdata/train/N2_SNR15/FBR_56414A.08
Aurora/DSPData_CD2_4/speechdata/train/N2_SNR15/FBR_8A.08
Aurora/DSPData_CD2_4/speechdata/train/N2_SNR15/FBR_Z858A.08
Aurora/DSPData_CD2_4/speechdata/train/N2_SNR15/MAE_2B.08
Aurora/DSPData_CD2_4/speechdata/train/N2_SNR15/MAE_5B.08
Aurora/DSPData_CD2_4/speechdata/train/N2_SNR15/MAE_8B.08
Aurora/DSPData_CD2_4/speechdata/train/N2_SNR15/MAE_Z541A.08
Aurora/DSPData_CD2_4/speechdata/train/N2_SNR15/MAJ_37A.08
Aurora/DSPData_CD2_4/speechdata/train/N2_SNR15/MAJ_64ZA.08
Aurora/DSPData_CD2_4/speechdata/train/N2_SNR15/MAJ_91175A.08
Aurora/DSPData_CD2_4/speechdata/train/N2_SNR15/MAJ_ZZ72938A.08
Aurora/DSPData_CD2_4/speechdata/train/N2_SNR15/MAL_3B.08
Aurora/DSPData_CD2_4/speechdata/train/N2_SNR15/MAL_6B.08
Aurora/DSPData_CD2_4/speechdata/train/N2_SNR15/MAL_98169A.08
Aurora/DSPData_CD2_4/speechdata/train/N2_SNR15/MAW_16A.08
Aurora/DSPData_CD2_4/speechdata/train/N2_SNR15/MAW_449ZA.08
Aurora/DSPData_CD2_4/speechdata/train/N2_SNR15/MAW_728A.08
Aurora/DSPData_CD2_4/speechdata/train/N2_SNR15/MAW_9Z6A.08
Aurora/DSPData_CD2_4/speechdata/train/N2_SNR15/MBD_1A.08
Aurora/DSPData_CD2_4/speechdata/train/N2_SNR15/MBD_493O1O6A.08
Aurora/DSPData_CD2_4/speechdata/train/N2_SNR15/MBD_72O97O8A.08
Aurora/DSPData_CD2_4/speechdata/train/N2_SNR15/MBD_O955O5OA.08
Aurora/DSPData_CD2_4/speechdata/train/N3_SNR15/FAC_39ZA.08
Aurora/DSPData_CD2_4/speechdata/train/N3_SNR15/FAC_6A.08
Aurora/DSPData_CD2_4/speechdata/train/N3_SNR15/FAC_951A.08
Aurora/DSPData_CD2_4/speechdata/train/N3_SNR15/FAG_1528A.08
Aurora/DSPData_CD2_4/speechdata/train/N3_SNR15/FAG_437OOA.08
Aurora/DSPData_CD2_4/speechdata/train/N3_SNR15/FAG_6B.08
Aurora/DSPData_CD2_4/speechdata/train/N3_SNR15/FAG_9B.08
Aurora/DSPData_CD2_4/speechdata/train/N3_SNR15/FAI_1B.08
Aurora/DSPData_CD2_4/speechdata/train/N3_SNR15/FAI_4A.08
Aurora/DSPData_CD2_4/speechdata/train/N3_SNR15/FAI_7A.08
Aurora/DSPData_CD2_4/speechdata/train/N3_SNR15/FAI_OA.08
Aurora/DSPData_CD2_4/speechdata/train/N3_SNR15/FAN_233A.08
Aurora/DSPData_CD2_4/speechdata/train/N3_SNR15/FAN_5342OA.08
Aurora/DSPData_CD2_4/speechdata/train/N3_SNR15/FAN_7B.08
Aurora/DSPData_CD2_4/speechdata/train/N3_SNR15/FAN_OA.08
Aurora/DSPData_CD2_4/speechdata/train/N3_SNR15/FBH_297ZA.08
Aurora/DSPData_CD2_4/speechdata/train/N3_SNR15/FBH_58O5A.08
Aurora/DSPData_CD2_4/speechdata/train/N3_SNR15/FBH_8631475A.08
Aurora/DSPData_CD2_4/speechdata/train/N3_SNR15/FBH_Z2A.08
Aurora/DSPData_CD2_4/speechdata/train/N3_SNR15/FBI_32Z18ZZA.08
Aurora/DSPData_CD2_4/speechdata/train/N3_SNR15/FBI_5Z77A.08
Aurora/DSPData_CD2_4/speechdata/train/N3_SNR15/FBI_8A.08
Aurora/DSPData_CD2_4/speechdata/train/N3_SNR15/FBI_ZA.08
Aurora/DSPData_CD2_4/speechdata/train/N3_SNR15/FBR_3B.08
Aurora/DSPData_CD2_4/speechdata/train/N3_SNR15/FBR_66113Z3A.08
Aurora/DSPData_CD2_4/speechdata/train/N3_SNR15/FBR_9527884A.08
Aurora/DSPData_CD2_4/speechdata/train/N3_SNR15/MAE_3A.08
Aurora/DSPData_CD2_4/speechdata/train/N3_SNR15/MAE_6825969A.08
Aurora/DSPData_CD2_4/speechdata/train/N3_SNR15/MAE_93A.08
Aurora/DSPData_CD2_4/speechdata/train/N3_SNR15/MAJ_15Z2ZA.08
Aurora/DSPData_CD2_4/speechdata/train/N3_SNR15/MAJ_4198ZA.08
Aurora/DSPData_CD2_4/speechdata/train/N3_SNR15/MAJ_6B.08
Aurora/DSPData_CD2_4/speechdata/train/N3_SNR15/MAJ_9A.08
Aurora/DSPData_CD2_4/speechdata/train/N3_SNR15/MAL_1A.08
Aurora/DSPData_CD2_4/speechdata/train/N3_SNR15/MAL_46682A.08
Aurora/DSPData_CD2_4/speechdata/train/N3_SNR15/MAL_74789Z4A.08
Aurora/DSPData_CD2_4/speechdata/train/N3_SNR15/MAL_O5A.08
Aurora/DSPData_CD2_4/speechdata/train/N3_SNR15/MAW_2242A.08
Aurora/DSPData_CD2_4/speechdata/train/N3_SNR15/MAW_4B.08
Aurora/DSPData_CD2_4/speechdata/train/N3_SNR15/MAW_7B.08
Aurora/DSPData_CD2_4/speechdata/train/N3_SNR15/MAW_OA.08
Aurora/DSPData_CD2_4/speechdata/train/N3_SNR15/MBD_23A.08
Aurora/DSPData_CD2_4/speechdata/train/N3_SNR15/MBD_5899O37A.08
Aurora/DSPData_CD2_4/speechdata/train/N3_SNR15/MBD_844OA.08
Aurora/DSPData_CD2_4/speechdata/train/N3_SNR15/MBD_Z1Z36A.08
Aurora/DSPData_CD2_4/speechdata/train/N4_SNR15/FAC_1911446A.08
Aurora/DSPData_CD2_4/speechdata/train/N4_SNR15/FAC_47A.08
Aurora/DSPData_CD2_4/speechdata/train/N4_SNR15/FAC_72A.08
Aurora/DSPData_CD2_4/speechdata/train/N4_SNR15/FAC_O22O6OOA.08
Aurora/DSPData_CD2_4/speechdata/train/N4_SNR15/FAG_1O2A.08
Aurora/DSPData_CD2_4/speechdata/train/N4_SNR15/FAG_4B.08
Aurora/DSPData_CD2_4/speechdata/train/N4_SNR15/FAG_7A.08
Aurora/DSPData_CD2_4/speechdata/train/N4_SNR15/FAG_O97A.08
Aurora/DSPData_CD2_4/speechdata/train/N4_SNR15/FAI_282O343A.08
Aurora/DSPData_CD2_4/speechdata/train/N4_SNR15/FAI_5454846A.08
Aurora/DSPData_CD2_4/speechdata/train/N4_SNR15/FAI_81A.08
Aurora/DSPData_CD2_4/speechdata/train/N4_SNR15/FAI_Z2A.08
Aurora/DSPData_CD2_4/speechdata/train/N4_SNR15/FAN_2ZA.08
Aurora/DSPData_CD2_4/speechdata/train/N4_SNR15/FAN_5OA.08
Aurora/DSPData_CD2_4/speechdata/train/N4_SNR15/FAN_8A.08
Aurora/DSPData_CD2_4/speechdata/train/N4_SNR15/FAN_Z7Z1A.08
Aurora/DSPData_CD2_4/speechdata/train/N4_SNR15/FBH_36A.08
Aurora/DSPData_CD2_4/speechdata/train/N4_SNR15/FBH_63559A.08
Aurora/DSPData_CD2_4/speechdata/train/N4_SNR15/FBH_93623A.08
Aurora/DSPData_CD2_4/speechdata/train/N4_SNR15/FBH_ZZ92A.08
Aurora/DSPData_CD2_4/speechdata/train/N4_SNR15/FBI_3OA.08
Aurora/DSPData_CD2_4/speechdata/train/N4_SNR15/FBI_6A.08
Aurora/DSPData_CD2_4/speechdata/train/N4_SNR15/FBI_931A.08
Aurora/DSPData_CD2_4/speechdata/train/N4_SNR15/FBR_15ZA.08
Aurora/DSPData_CD2_4/speechdata/train/N4_SNR15/FBR_44A.08
Aurora/DSPData_CD2_4/speechdata/train/N4_SNR15/FBR_7142A.08
Aurora/DSPData_CD2_4/speechdata/train/N4_SNR15/FBR_9OO6OA.08
Aurora/DSPData_CD2_4/speechdata/train/N4_SNR15/MAE_1986A.08
Aurora/DSPData_CD2_4/speechdata/train/N4_SNR15/MAE_49ZA.08
Aurora/DSPData_CD2_4/speechdata/train/N4_SNR15/MAE_75443Z7A.08
Aurora/DSPData_CD2_4/speechdata/train/N4_SNR15/MAE_O2A.08
Aurora/DSPData_CD2_4/speechdata/train/N4_SNR15/MAJ_1Z61257A.08
Aurora/DSPData_CD2_4/speechdata/train/N4_SNR15/MAJ_4A.08
Aurora/DSPData_CD2_4/speechdata/train/N4_SNR15/MAJ_79Z5ZA.08
Aurora/DSPData_CD2_4/speechdata/train/N4_SNR15/MAJ_O8A.08
Aurora/DSPData_CD2_4/speechdata/train/N4_SNR15/MAL_2643OO5A.08
Aurora/DSPData_CD2_4/speechdata/train/N4_SNR15/MAL_5226ZZ8A.08
Aurora/DSPData_CD2_4/speechdata/train/N4_SNR15/MAL_83979A.08
Aurora/DSPData_CD2_4/speechdata/train/N4_SNR15/MAL_OO35A.08
Aurora/DSPData_CD2_4/speechdata/train/N4_SNR15/MAW_2OA.08
Aurora/DSPData_CD2_4/speechdata/train/N4_SNR15/MAW_5OOA.08
Aurora/DSPData_CD2_4/speechdata/train/N4_SNR15/MAW_884O2O5A.08
Aurora/DSPData_CD2_4/speechdata/train/N4_SNR15/MAW_Z818A.08
Aurora/DSPData_CD2_4/speechdata/train/N4_SNR15/MBD_3433289A.08
Aurora/DSPData_CD2_4/speechdata/train/N4_SNR15/MBD_612A.08
Aurora/DSPData_CD2_4/speechdata/train/N4_SNR15/MBD_8B.08
Aurora/DSPData_CD2_4/speechdata/train/N4_SNR15/MBD_ZA.08
